// Vitest Snapshot v1, https://vitest.dev/guide/snapshot.html

exports[`CartDropdown > renders correctly when cart is empty 1`] = `
<div>
  <div
    class="absolute right-0 mt-2 w-80 sm:w-96 bg-background border rounded-lg shadow-lg z-50"
  >
    <div
      class="p-4 max-h-[80vh] overflow-auto"
    >
      <div
        class="flex justify-between items-center mb-4"
      >
        <h3
          class="font-bold text-lg"
        >
          Your Cart
        </h3>
        <button
          aria-label="Close cart"
          class="inline-flex items-center justify-center gap-2 whitespace-nowrap rounded-md text-sm font-medium transition-all disabled:pointer-events-none disabled:opacity-50 [&_svg]:pointer-events-none [&_svg:not([class*='size-'])]:size-4 shrink-0 [&_svg]:shrink-0 outline-none focus-visible:border-ring focus-visible:ring-ring/50 focus-visible:ring-[3px] aria-invalid:ring-destructive/20 dark:aria-invalid:ring-destructive/40 aria-invalid:border-destructive hover:bg-accent hover:text-accent-foreground dark:hover:bg-accent/50 size-9 cursor-pointer"
          data-slot="button"
        >
          <svg
            class="lucide lucide-x"
            fill="none"
            height="18"
            stroke="currentColor"
            stroke-linecap="round"
            stroke-linejoin="round"
            stroke-width="2"
            viewBox="0 0 24 24"
            width="18"
            xmlns="http://www.w3.org/2000/svg"
          >
            <path
              d="M18 6 6 18"
            />
            <path
              d="m6 6 12 12"
            />
          </svg>
        </button>
      </div>
      <div
        class="py-8 text-center"
      >
        <svg
          class="lucide lucide-shopping-bag mx-auto mb-4 text-muted-foreground"
          fill="none"
          height="48"
          stroke="currentColor"
          stroke-linecap="round"
          stroke-linejoin="round"
          stroke-width="2"
          viewBox="0 0 24 24"
          width="48"
          xmlns="http://www.w3.org/2000/svg"
        >
          <path
            d="M6 2 3 6v14a2 2 0 0 0 2 2h14a2 2 0 0 0 2-2V6l-3-4Z"
          />
          <path
            d="M3 6h18"
          />
          <path
            d="M16 10a4 4 0 0 1-8 0"
          />
        </svg>
        <p
          class="text-muted-foreground"
        >
          Your cart is empty
        </p>
        <button
          class="inline-flex items-center justify-center gap-2 whitespace-nowrap rounded-md text-sm font-medium transition-all disabled:pointer-events-none disabled:opacity-50 [&_svg]:pointer-events-none [&_svg:not([class*='size-'])]:size-4 shrink-0 [&_svg]:shrink-0 outline-none focus-visible:border-ring focus-visible:ring-ring/50 focus-visible:ring-[3px] aria-invalid:ring-destructive/20 dark:aria-invalid:ring-destructive/40 aria-invalid:border-destructive bg-primary text-primary-foreground shadow-xs h-9 px-4 py-2 has-[>svg]:px-3 mt-4 hover:bg-primary/85 cursor-pointer"
          data-slot="button"
        >
          Continue Shopping
        </button>
      </div>
    </div>
  </div>
     
</div>
`;

exports[`CartDropdown > renders correctly with items in the cart 1`] = `
<div>
  <div
    class="absolute right-0 mt-2 w-80 sm:w-96 bg-background border rounded-lg shadow-lg z-50"
  >
    <div
      class="p-4 max-h-[80vh] overflow-auto"
    >
      <div
        class="flex justify-between items-center mb-4"
      >
        <h3
          class="font-bold text-lg"
        >
          Your Cart
        </h3>
        <button
          aria-label="Close cart"
          class="inline-flex items-center justify-center gap-2 whitespace-nowrap rounded-md text-sm font-medium transition-all disabled:pointer-events-none disabled:opacity-50 [&_svg]:pointer-events-none [&_svg:not([class*='size-'])]:size-4 shrink-0 [&_svg]:shrink-0 outline-none focus-visible:border-ring focus-visible:ring-ring/50 focus-visible:ring-[3px] aria-invalid:ring-destructive/20 dark:aria-invalid:ring-destructive/40 aria-invalid:border-destructive hover:bg-accent hover:text-accent-foreground dark:hover:bg-accent/50 size-9 cursor-pointer"
          data-slot="button"
        >
          <svg
            class="lucide lucide-x"
            fill="none"
            height="18"
            stroke="currentColor"
            stroke-linecap="round"
            stroke-linejoin="round"
            stroke-width="2"
            viewBox="0 0 24 24"
            width="18"
            xmlns="http://www.w3.org/2000/svg"
          >
            <path
              d="M18 6 6 18"
            />
            <path
              d="m6 6 12 12"
            />
          </svg>
        </button>
      </div>
      <div
        class="space-y-4 mb-4"
      >
        <div
          class="flex items-center gap-4 border-b pb-4"
        >
          <div
            class="relative h-16 w-16 bg-muted rounded"
          >
            <img
              alt="Nike Air Max"
              class="object-cover rounded h-full w-full"
              src="/nike-air-max.jpg"
            />
          </div>
          <div
            class="flex-1"
          >
            <h4
              class="font-medium"
            >
              Nike Air Max
            </h4>
            <p
              class="text-sm text-muted-foreground"
            >
              Nike
               • Size: 
              10
            </p>
            <div
              class="flex justify-between items-center mt-2"
            >
              <div
                class="flex items-center border rounded"
              >
                <button
                  aria-label="Decrease quantity"
                  class="inline-flex items-center justify-center gap-2 whitespace-nowrap text-sm font-medium transition-all disabled:pointer-events-none disabled:opacity-50 [&_svg]:pointer-events-none [&_svg:not([class*='size-'])]:size-4 shrink-0 [&_svg]:shrink-0 outline-none focus-visible:border-ring focus-visible:ring-ring/50 focus-visible:ring-[3px] aria-invalid:ring-destructive/20 dark:aria-invalid:ring-destructive/40 aria-invalid:border-destructive hover:bg-accent hover:text-accent-foreground dark:hover:bg-accent/50 size-9 h-8 w-8 rounded-none cursor-pointer"
                  data-slot="button"
                >
                  <svg
                    class="lucide lucide-minus"
                    fill="none"
                    height="14"
                    stroke="currentColor"
                    stroke-linecap="round"
                    stroke-linejoin="round"
                    stroke-width="2"
                    viewBox="0 0 24 24"
                    width="14"
                    xmlns="http://www.w3.org/2000/svg"
                  >
                    <path
                      d="M5 12h14"
                    />
                  </svg>
                </button>
                <span
                  class="w-8 text-center"
                >
                  2
                </span>
                <button
                  aria-label="Increase quantity"
                  class="inline-flex items-center justify-center gap-2 whitespace-nowrap text-sm font-medium transition-all disabled:pointer-events-none disabled:opacity-50 [&_svg]:pointer-events-none [&_svg:not([class*='size-'])]:size-4 shrink-0 [&_svg]:shrink-0 outline-none focus-visible:border-ring focus-visible:ring-ring/50 focus-visible:ring-[3px] aria-invalid:ring-destructive/20 dark:aria-invalid:ring-destructive/40 aria-invalid:border-destructive hover:bg-accent hover:text-accent-foreground dark:hover:bg-accent/50 size-9 h-8 w-8 rounded-none cursor-pointer"
                  data-slot="button"
                >
                  <svg
                    class="lucide lucide-plus"
                    fill="none"
                    height="14"
                    stroke="currentColor"
                    stroke-linecap="round"
                    stroke-linejoin="round"
                    stroke-width="2"
                    viewBox="0 0 24 24"
                    width="14"
                    xmlns="http://www.w3.org/2000/svg"
                  >
                    <path
                      d="M5 12h14"
                    />
                    <path
                      d="M12 5v14"
                    />
                  </svg>
                </button>
              </div>
              <div
                class="text-right"
              >
                <p
                  class="font-medium"
                >
                  ₹
                  300.00
                </p>
                <button
                  class="text-xs text-muted-foreground hover:text-destructive cursor-pointer"
                >
                  Remove
                </button>
              </div>
            </div>
          </div>
        </div>
      </div>
      <div
        class="border-t pt-4"
      >
        <div
          class="flex justify-between mb-2"
        >
          <span>
            Subtotal
          </span>
          <span
            class="font-medium"
          >
            ₹
            300.00
          </span>
        </div>
        <div
          class="flex justify-between mb-4"
        >
          <span>
            Shipping
          </span>
          <span>
            Calculated at checkout
          </span>
        </div>
        <div
          class="flex justify-between text-lg font-bold mb-4"
        >
          <span>
            Total
          </span>
          <span>
            ₹
            300.00
          </span>
        </div>
        <button
          class="inline-flex items-center justify-center gap-2 whitespace-nowrap rounded-md text-sm font-medium transition-all disabled:pointer-events-none disabled:opacity-50 [&_svg]:pointer-events-none [&_svg:not([class*='size-'])]:size-4 shrink-0 [&_svg]:shrink-0 outline-none focus-visible:border-ring focus-visible:ring-ring/50 focus-visible:ring-[3px] aria-invalid:ring-destructive/20 dark:aria-invalid:ring-destructive/40 aria-invalid:border-destructive bg-primary text-primary-foreground shadow-xs hover:bg-primary/90 h-9 px-4 py-2 has-[>svg]:px-3 w-full mb-2 cursor-pointer"
          data-slot="button"
        >
          Checkout
        </button>
        <div
          class="flex gap-2 mb-2"
        >
          <button
            class="inline-flex items-center justify-center gap-2 whitespace-nowrap rounded-md text-sm font-medium transition-all disabled:pointer-events-none disabled:opacity-50 [&_svg]:pointer-events-none [&_svg:not([class*='size-'])]:size-4 [&_svg]:shrink-0 outline-none focus-visible:border-ring focus-visible:ring-ring/50 focus-visible:ring-[3px] aria-invalid:ring-destructive/20 dark:aria-invalid:ring-destructive/40 aria-invalid:border-destructive border bg-background shadow-xs hover:bg-accent hover:text-accent-foreground dark:bg-input/30 dark:border-input dark:hover:bg-input/50 h-9 px-4 py-2 has-[>svg]:px-3 flex-1 cursor-pointer"
            data-slot="button"
          >
            Continue Shopping
          </button>
          <button
            class="inline-flex items-center justify-center gap-2 whitespace-nowrap rounded-md text-sm font-medium transition-all disabled:pointer-events-none disabled:opacity-50 [&_svg]:pointer-events-none [&_svg:not([class*='size-'])]:size-4 [&_svg]:shrink-0 outline-none focus-visible:border-ring focus-visible:ring-[3px] aria-invalid:ring-destructive/20 dark:aria-invalid:ring-destructive/40 aria-invalid:border-destructive bg-destructive text-white shadow-xs hover:bg-destructive/90 focus-visible:ring-destructive/20 dark:focus-visible:ring-destructive/40 dark:bg-destructive/60 h-9 px-4 py-2 has-[>svg]:px-3 flex-1 cursor-pointer"
            data-slot="button"
          >
            Clear Cart
          </button>
        </div>
      </div>
    </div>
  </div>
     
</div>
`;
